// Jest Snapshot v1, https://goo.gl/fbAQLP

exports[`GridCarousel.vue renders the component 1`] = `<div class="grid-carousel"></div>`;
