// Jest Snapshot v1, https://goo.gl/fbAQLP

exports[`Loader.vue renders the component 1`] = `
<div class="loader">
  <div class="loader__circle"></div>
</div>
`;
