// Jest Snapshot v1, https://goo.gl/fbAQLP

exports[`PrimaryButton.vue renders the component 1`] = `<button type="button" class="primary-button"></button>`;
